2026-10-09 19:25:56,500 - INFO : 192.168.50.167 - - [09/Oct/2026 19:25:56] "GET / HTTP/1.1" 200 -
2026-10-09 19:25:56,578 - INFO : 192.168.50.167 - - [09/Oct/2026 19:25:56] "GET /video_feed HTTP/1.1" 200 -
2026-10-09 19:25:59,178 - INFO : Ball x=-87.00 y=-113.00 vx=162.81 vy=65.12
2026-10-09 19:25:59,212 - INFO : Ball x=-77.00 y=-106.50 vx=153.47 vy=107.43
2026-10-09 19:25:59,245 - INFO : Ball x=-68.00 y=-102.00 vx=142.14 vy=63.17
2026-10-09 19:25:59,278 - INFO : Ball x=-57.50 y=-90.50 vx=145.76 vy=174.91
2026-10-09 19:25:59,310 - INFO : Ball x=-50.25 y=-92.69 vx=104.48 vy=-29.85
2026-10-09 19:25:59,344 - INFO : Ball x=-48.91 y=-88.91 vx=26.56 vy=53.12
2026-10-09 19:25:59,377 - INFO : Ball x=-44.00 y=-87.00 vx=63.97 vy=12.79
2026-10-09 19:25:59,411 - INFO : Ball x=-40.50 y=-85.00 vx=37.06 vy=24.71
2026-10-09 19:25:59,444 - INFO : Ball x=-38.00 y=-81.50 vx=37.83 vy=50.44
2026-10-09 19:25:59,478 - INFO : Ball x=-37.00 y=-78.50 vx=12.40 vy=37.21
2026-10-09 19:25:59,513 - INFO : Ball x=-35.00 y=-78.50 vx=22.25 vy=0.00
2026-10-09 19:25:59,545 - INFO : Ball x=-33.00 y=-76.00 vx=24.01 vy=24.01
2026-10-09 19:25:59,577 - INFO : Ball x=-38.00 y=-70.00 vx=-56.69 vy=68.03
2026-10-09 19:25:59,611 - INFO : Ball x=-34.50 y=-71.00 vx=33.32 vy=-11.11
2026-10-09 19:25:59,643 - INFO : Ball x=-23.89 y=-61.13 vx=172.49 vy=156.81
2026-10-09 19:25:59,678 - INFO : Ball x=-21.00 y=-62.50 vx=44.04 vy=-14.68
2026-10-09 19:25:59,711 - INFO : Ball x=-20.79 y=-61.72 vx=0.00 vy=15.49
2026-10-09 19:25:59,744 - INFO : Ball x=-29.50 y=-70.50 vx=-105.38 vy=-105.38
2026-10-09 19:25:59,778 - INFO : Ball x=-19.38 y=-60.38 vx=157.10 vy=157.10
2026-10-09 19:25:59,812 - INFO : Ball x=-19.50 y=-61.50 vx=0.00 vy=-15.05
2026-10-09 19:25:59,844 - INFO : Ball x=-21.15 y=-60.11 vx=-32.49 vy=16.24
2026-10-09 19:25:59,877 - INFO : Ball x=-20.95 y=-60.75 vx=15.74 vy=0.00
2026-10-09 19:25:59,910 - INFO : Ball x=-22.07 y=-60.57 vx=-32.24 vy=0.00
2026-10-09 19:25:59,944 - INFO : Ball x=-23.02 y=-60.69 vx=-15.69 vy=0.00
2026-10-09 19:25:59,977 - INFO : Ball x=-23.79 y=-61.26 vx=0.00 vy=-15.89
2026-10-09 19:26:00,011 - INFO : Ball x=-24.59 y=-61.73 vx=-15.63 vy=0.00
2026-10-09 19:26:00,043 - INFO : Ball x=-25.50 y=-62.50 vx=-16.02 vy=-16.02
2026-10-09 19:26:00,077 - INFO : Ball x=-26.77 y=-63.40 vx=-15.76 vy=-15.76
2026-10-09 19:26:00,111 - INFO : Ball x=-27.50 y=-65.00 vx=-14.94 vy=-29.87
2026-10-09 19:26:00,143 - INFO : Ball x=-29.12 y=-66.31 vx=-31.71 vy=-15.86
2026-10-09 19:26:00,178 - INFO : Ball x=-30.36 y=-68.22 vx=-14.93 vy=-29.86
2026-10-09 19:26:00,210 - INFO : Ball x=-31.72 y=-70.20 vx=-15.90 vy=-31.81
2026-10-09 19:26:00,243 - INFO : Ball x=-33.50 y=-72.00 vx=-30.54 vy=-30.54
2026-10-09 19:26:00,277 - INFO : Ball x=-34.70 y=-74.53 vx=-15.52 vy=-31.04
2026-10-09 19:26:00,310 - INFO : Ball x=-37.64 y=-76.29 vx=-46.15 vy=-30.77
2026-10-09 19:26:00,343 - INFO : Ball x=-37.78 y=-80.34 vx=0.00 vy=-59.97
2026-10-09 19:26:00,377 - INFO : Ball x=-41.29 y=-82.57 vx=-60.10 vy=-30.05
2026-10-09 19:26:00,410 - INFO : Ball x=-45.42 y=-84.99 vx=-58.99 vy=-29.49
2026-10-09 19:26:00,443 - INFO : Ball x=-49.50 y=-87.00 vx=-58.23 vy=-43.67
2026-10-09 19:26:00,476 - INFO : Ball x=-53.48 y=-89.48 vx=-58.73 vy=-29.36
2026-10-09 19:26:00,510 - INFO : Ball x=-56.63 y=-92.93 vx=-45.13 vy=-45.13
2026-10-09 19:26:00,543 - INFO : Ball x=-60.55 y=-96.04 vx=-59.90 vy=-59.90
2026-10-09 19:26:00,576 - INFO : Ball x=-64.40 y=-98.68 vx=-60.15 vy=-30.07
2026-10-09 19:26:00,609 - INFO : Ball x=-67.76 y=-102.22 vx=-46.46 vy=-61.95
2026-10-09 19:26:00,643 - INFO : Ball x=-71.48 y=-105.83 vx=-61.31 vy=-45.99
2026-10-09 19:26:00,676 - INFO : Ball x=-74.22 y=-109.51 vx=-47.14 vy=-62.85
2026-10-09 19:26:00,709 - INFO : Ball x=-78.23 y=-111.69 vx=-63.60 vy=-31.80
2026-10-09 19:26:00,743 - INFO : Ball x=-82.00 y=-116.43 vx=-46.98 vy=-78.30
2026-10-09 19:26:00,776 - INFO : Ball x=-86.50 y=-115.00 vx=-83.68 vy=16.74
2026-10-09 19:26:00,809 - INFO : Ball x=-91.50 y=-117.00 vx=-94.28 vy=-37.71
2026-10-09 19:26:00,843 - INFO : Ball x=-97.50 y=-117.50 vx=-143.92 vy=0.00
2026-10-09 19:26:01,909 - INFO : Ball x=-73.50 y=-114.81 vx=179.57 vy=39.91
2026-10-09 19:26:01,943 - INFO : Ball x=-66.50 y=-104.56 vx=114.22 vy=163.17
2026-10-09 19:26:01,975 - INFO : Ball x=-57.00 y=-98.00 vx=167.63 vy=100.58
2026-10-09 19:26:02,009 - INFO : Ball x=-48.90 y=-90.88 vx=121.06 vy=121.06
2026-10-09 19:26:02,043 - INFO : Ball x=-52.96 y=-84.47 vx=-49.25 vy=73.87
2026-10-09 19:26:02,075 - INFO : Ball x=-48.34 y=-80.34 vx=48.53 vy=48.53
2026-10-09 19:26:02,109 - INFO : Ball x=-43.07 y=-75.05 vx=54.46 vy=54.46
2026-10-09 19:26:02,143 - INFO : Ball x=-40.82 y=-67.82 vx=30.55 vy=81.47
2026-10-09 19:26:02,175 - INFO : Ball x=-27.50 y=-47.50 vx=187.54 vy=288.52
2026-10-09 19:26:02,209 - INFO : Ball x=-23.68 y=-37.07 vx=61.86 vy=154.65
2026-10-09 19:26:02,242 - INFO : Ball x=-20.16 y=-28.72 vx=47.09 vy=141.28
2026-10-09 19:26:02,275 - INFO : Ball x=-17.32 y=-22.16 vx=49.24 vy=98.48
2026-10-09 19:26:02,308 - INFO : Ball x=-15.59 y=-15.50 vx=32.09 vy=112.31
2026-10-09 19:26:02,341 - INFO : Ball x=-12.16 y=-9.00 vx=49.22 vy=98.43
2026-10-09 19:26:02,375 - INFO : Ball x=-10.50 y=-2.20 vx=31.29 vy=109.53
2026-10-09 19:26:02,408 - INFO : Ball x=-8.60 y=4.51 vx=32.59 vy=114.07
2026-10-09 19:26:02,441 - INFO : Ball x=-6.70 y=10.00 vx=32.66 vy=97.99
2026-10-09 19:26:02,475 - INFO : Ball x=-5.27 y=15.21 vx=16.21 vy=81.04
2026-10-09 19:26:02,508 - INFO : Ball x=-3.91 y=20.35 vx=32.46 vy=81.15
2026-10-09 19:26:02,542 - INFO : Ball x=-2.50 y=25.50 vx=15.48 vy=77.39
2026-10-09 19:26:02,575 - INFO : Ball x=-1.28 y=29.98 vx=16.14 vy=64.55
2026-10-09 19:26:02,608 - INFO : Ball x=-1.11 y=34.37 vx=0.00 vy=81.28
2026-10-09 19:26:02,642 - INFO : Ball x=0.14 y=37.75 vx=31.95 vy=47.92
2026-10-09 19:26:02,675 - INFO : Ball x=-0.50 y=41.76 vx=-16.13 vy=64.53
2026-10-09 19:26:02,708 - INFO : Ball x=1.00 y=44.00 vx=32.27 vy=32.27
2026-10-09 19:26:02,742 - INFO : Ball x=-0.03 y=46.85 vx=-31.22 vy=46.84
2026-10-09 19:26:02,774 - INFO : Ball x=-0.99 y=49.28 vx=0.00 vy=47.85
2026-10-09 19:26:02,809 - INFO : Ball x=-2.02 y=50.74 vx=-31.31 vy=15.66
2026-10-09 19:26:02,841 - INFO : Ball x=-2.70 y=52.06 vx=0.00 vy=32.18
2026-10-09 19:26:02,874 - INFO : Ball x=-4.80 y=52.65 vx=-31.34 vy=0.00
2026-10-09 19:26:02,908 - INFO : Ball x=-6.00 y=53.00 vx=-15.71 vy=0.00
2026-10-09 19:26:02,941 - INFO : Ball x=-7.50 y=53.08 vx=-32.01 vy=16.00
2026-10-09 19:26:02,974 - INFO : Ball x=-9.80 y=53.14 vx=-31.50 vy=0.00
2026-10-09 19:26:03,008 - INFO : Ball x=-12.28 y=52.80 vx=-46.61 vy=-15.54
2026-10-09 19:26:03,041 - INFO : Ball x=-14.64 y=52.10 vx=-32.23 vy=0.00
2026-10-09 19:26:03,074 - INFO : Ball x=-17.23 y=51.12 vx=-47.31 vy=-15.77
2026-10-09 19:26:03,108 - INFO : Ball x=-19.38 y=49.48 vx=-30.63 vy=-30.63
2026-10-09 19:26:03,141 - INFO : Ball x=-22.67 y=47.82 vx=-49.26 vy=-32.84
2026-10-09 19:26:03,174 - INFO : Ball x=-25.89 y=45.93 vx=-47.32 vy=-31.55
2026-10-09 19:26:03,208 - INFO : Ball x=-28.27 y=43.46 vx=-46.83 vy=-31.22
2026-10-09 19:26:03,241 - INFO : Ball x=-31.49 y=40.72 vx=-47.85 vy=-47.85
2026-10-09 19:26:03,274 - INFO : Ball x=-34.72 y=37.84 vx=-48.39 vy=-48.39
2026-10-09 19:26:03,308 - INFO : Ball x=-38.06 y=34.78 vx=-64.71 vy=-48.53
2026-10-09 19:26:03,341 - INFO : Ball x=-42.17 y=31.57 vx=-64.57 vy=-48.43
2026-10-09 19:26:03,374 - INFO : Ball x=-46.11 y=28.54 vx=-66.02 vy=-49.51
2026-10-09 19:26:03,407 - INFO : Ball x=-50.38 y=24.61 vx=-64.14 vy=-64.14
2026-10-09 19:26:03,440 - INFO : Ball x=-53.78 y=20.47 vx=-47.88 vy=-63.84
2026-10-09 19:26:03,474 - INFO : Ball x=-57.67 y=16.32 vx=-63.26 vy=-63.26
2026-10-09 19:26:03,507 - INFO : Ball x=-61.50 y=11.69 vx=-63.30 vy=-79.12
2026-10-09 19:26:03,541 - INFO : Ball x=-65.62 y=7.27 vx=-61.72 vy=-61.72
2026-10-09 19:26:03,573 - INFO : Ball x=-69.27 y=2.21 vx=-64.99 vy=-81.23
2026-10-09 19:26:03,608 - INFO : Ball x=-73.26 y=-3.28 vx=-61.67 vy=-92.51
2026-10-09 19:26:03,640 - INFO : Ball x=-77.21 y=-9.02 vx=-64.16 vy=-96.24
2026-10-09 19:26:03,674 - INFO : Ball x=-81.17 y=-14.76 vx=-61.87 vy=-77.34
2026-10-09 19:26:03,707 - INFO : Ball x=-85.96 y=-20.35 vx=-61.31 vy=-91.96
2026-10-09 19:26:03,740 - INFO : Ball x=-89.67 y=-26.56 vx=-61.96 vy=-92.94
2026-10-09 19:26:03,774 - INFO : Ball x=-94.37 y=-32.82 vx=-76.53 vy=-91.83
2026-10-09 19:26:03,808 - INFO : Ball x=-99.26 y=-38.65 vx=-73.85 vy=-88.62
2026-10-09 19:26:03,840 - INFO : Ball x=-103.35 y=-45.94 vx=-61.44 vy=-107.53
2026-10-09 19:26:03,874 - INFO : Ball x=-108.99 y=-52.83 vx=-74.27 vy=-103.98
2026-10-09 19:26:03,908 - INFO : Ball x=-114.41 y=-59.98 vx=-88.30 vy=-103.01
2026-10-09 19:26:03,940 - INFO : Ball x=-120.84 y=-65.70 vx=-92.59 vy=-92.59
2026-10-09 19:26:03,973 - INFO : Ball x=-125.40 y=-73.44 vx=-77.02 vy=-123.23
2026-10-09 19:26:04,007 - INFO : Ball x=-127.63 y=-80.30 vx=-30.76 vy=-107.65
2026-10-09 19:26:04,040 - INFO : Ball x=-127.84 y=-83.53 vx=0.00 vy=-46.45
2026-10-09 19:26:04,073 - INFO : Ball x=-126.28 y=-85.65 vx=15.37 vy=-30.75
2026-10-09 19:26:04,107 - INFO : Ball x=-123.45 y=-87.13 vx=45.49 vy=-30.32
2026-10-09 19:26:04,140 - INFO : Ball x=-115.10 y=-87.85 vx=130.92 vy=0.00
2026-10-09 19:26:04,173 - INFO : Ball x=-108.85 y=-86.42 vx=110.44 vy=15.78
2026-10-09 19:26:04,206 - INFO : Ball x=-100.50 y=-87.00 vx=124.72 vy=-15.59
2026-10-09 19:26:04,240 - INFO : Ball x=-95.82 y=-86.73 vx=72.58 vy=14.52
2026-10-09 19:26:04,273 - INFO : Ball x=-88.83 y=-86.24 vx=101.73 vy=0.00
2026-10-09 19:26:04,307 - INFO : Ball x=-83.50 y=-85.50 vx=72.73 vy=14.55
2026-10-09 19:26:04,341 - INFO : Ball x=-76.00 y=-87.00 vx=116.50 vy=-29.12
2026-10-09 19:26:04,374 - INFO : Ball x=-70.35 y=-87.20 vx=76.30 vy=0.00
2026-10-09 19:26:04,406 - INFO : Ball x=-65.09 y=-88.12 vx=75.24 vy=-15.05
2026-10-09 19:26:04,439 - INFO : Ball x=-58.89 y=-89.89 vx=106.34 vy=-15.19
2026-10-09 19:26:04,473 - INFO : Ball x=-52.90 y=-92.18 vx=89.66 vy=-44.83
2026-10-09 19:26:04,507 - INFO : Ball x=-48.50 y=-94.00 vx=59.00 vy=-29.50
2026-10-09 19:26:04,539 - INFO : Ball x=-43.34 y=-96.39 vx=78.59 vy=-31.44
2026-10-09 19:26:04,573 - INFO : Ball x=-38.50 y=-99.48 vx=75.70 vy=-45.42
2026-10-09 19:26:04,606 - INFO : Ball x=-33.45 y=-102.55 vx=77.47 vy=-46.48
2026-10-09 19:26:04,640 - INFO : Ball x=-28.50 y=-106.00 vx=79.34 vy=-63.47
2026-10-09 19:26:04,674 - INFO : Ball x=-24.50 y=-109.85 vx=60.65 vy=-45.48
2026-10-09 19:26:04,706 - INFO : Ball x=-19.50 y=-113.62 vx=85.28 vy=-68.23
2026-10-09 19:26:04,740 - INFO : Ball x=-15.50 y=-115.50 vx=65.55 vy=-32.77
2026-10-09 19:26:04,773 - INFO : Ball x=-12.50 y=-117.00 vx=52.19 vy=-34.80
2026-10-09 19:26:04,806 - INFO : Ball x=-10.00 y=-117.50 vx=53.35 vy=0.00
2026-10-09 19:26:04,839 - INFO : Ball x=-6.50 y=-118.00 vx=59.90 vy=-19.97
2026-10-09 19:26:04,873 - INFO : Ball x=-4.00 y=-118.00 vx=67.28 vy=0.00
2026-10-09 19:26:04,906 - INFO : Ball x=-2.00 y=-118.00 vx=65.20 vy=0.00
2026-10-09 19:26:06,638 - INFO : Ball x=-103.00 y=-95.50 vx=120.37 vy=180.56
2026-10-09 19:26:06,671 - INFO : Ball x=-99.00 y=-93.50 vx=66.41 vy=33.20
2026-10-09 19:26:06,705 - INFO : Ball x=-95.41 y=-92.32 vx=45.94 vy=15.31
2026-10-09 19:26:06,739 - INFO : Ball x=-89.44 y=-92.30 vx=87.04 vy=0.00
2026-10-09 19:26:06,772 - INFO : Ball x=-84.14 y=-82.12 vx=72.52 vy=145.03
2026-10-09 19:26:06,804 - INFO : Ball x=-80.17 y=-83.04 vx=57.89 vy=-14.47
2026-10-09 19:26:06,838 - INFO : Ball x=-76.49 y=-81.12 vx=53.60 vy=26.80
2026-10-09 19:26:06,871 - INFO : Ball x=-68.50 y=-78.50 vx=97.46 vy=36.55
2026-10-09 19:26:06,904 - INFO : Ball x=-73.16 y=-73.30 vx=-71.47 vy=71.47
2026-10-09 19:26:06,938 - INFO : Ball x=-72.77 y=-69.14 vx=14.19 vy=56.75
2026-10-09 19:26:06,971 - INFO : Ball x=-71.86 y=-63.20 vx=15.15 vy=90.93
2026-10-09 19:26:07,004 - INFO : Ball x=-71.46 y=-59.74 vx=0.00 vy=59.51
2026-10-09 19:26:07,037 - INFO : Ball x=-71.70 y=-56.00 vx=0.00 vy=46.72
2026-10-09 19:26:07,070 - INFO : Ball x=-71.18 y=-53.18 vx=0.00 vy=46.30
2026-10-09 19:26:07,106 - INFO : Ball x=-70.57 y=-51.09 vx=14.45 vy=28.89
2026-10-09 19:26:07,138 - INFO : Ball x=-71.10 y=-48.32 vx=-16.19 vy=48.58
2026-10-09 19:26:07,172 - INFO : Ball x=-70.59 y=-47.13 vx=15.19 vy=15.19
2026-10-09 19:26:07,206 - INFO : Ball x=-71.00 y=-45.50 vx=0.00 vy=29.89
2026-10-09 19:26:07,238 - INFO : Ball x=-72.00 y=-44.00 vx=-16.20 vy=16.20
2026-10-09 19:26:07,271 - INFO : Ball x=-72.50 y=-43.50 vx=-15.39 vy=15.39
2026-10-09 19:26:07,304 - INFO : Ball x=-73.05 y=-43.05 vx=-15.42 vy=0.00
2026-10-09 19:26:07,337 - INFO : Ball x=-74.00 y=-43.00 vx=0.00 vy=0.00
2026-10-09 19:26:07,371 - INFO : Ball x=-75.52 y=-42.61 vx=-30.14 vy=15.07
2026-10-09 19:26:07,405 - INFO : Ball x=-76.44 y=-43.44 vx=-15.22 vy=-15.22
2026-10-09 19:26:07,437 - INFO : Ball x=-77.86 y=-43.86 vx=-16.00 vy=0.00
2026-10-09 19:26:07,471 - INFO : Ball x=-79.45 y=-45.07 vx=-30.08 vy=-30.08
2026-10-09 19:26:07,504 - INFO : Ball x=-79.99 y=-47.37 vx=0.00 vy=-31.34
2026-10-09 19:26:07,537 - INFO : Ball x=-82.08 y=-48.20 vx=-46.58 vy=-15.53
2026-10-09 19:26:07,570 - INFO : Ball x=-83.64 y=-50.22 vx=-15.37 vy=-30.74
2026-10-09 19:26:07,603 - INFO : Ball x=-84.89 y=-52.89 vx=-15.39 vy=-30.78
2026-10-09 19:26:07,637 - INFO : Ball x=-86.38 y=-55.38 vx=-30.71 vy=-46.06
2026-10-09 19:26:07,670 - INFO : Ball x=-88.13 y=-58.13 vx=-30.13 vy=-45.20
2026-10-09 19:26:07,703 - INFO : Ball x=-90.00 y=-60.50 vx=-14.93 vy=-29.86
2026-10-09 19:26:07,737 - INFO : Ball x=-92.39 y=-63.39 vx=-45.23 vy=-45.23
2026-10-09 19:26:07,770 - INFO : Ball x=-93.90 y=-66.85 vx=-15.06 vy=-45.17
2026-10-09 19:26:07,803 - INFO : Ball x=-96.00 y=-70.50 vx=-29.29 vy=-58.59
2026-10-09 19:26:07,837 - INFO : Ball x=-97.96 y=-73.96 vx=-28.49 vy=-42.73
2026-10-09 19:26:07,870 - INFO : Ball x=-98.73 y=-78.40 vx=-15.33 vy=-76.64
2026-10-09 19:26:07,903 - INFO : Ball x=-100.00 y=-83.50 vx=-14.74 vy=-73.68
2026-10-09 19:26:07,938 - INFO : Ball x=-103.50 y=-84.50 vx=-57.96 vy=-14.49
2026-10-09 19:26:07,969 - INFO : Ball x=-105.14 y=-86.88 vx=-32.97 vy=-32.97
2026-10-09 19:26:08,003 - INFO : Ball x=-107.23 y=-89.83 vx=-32.12 vy=-48.18
2026-10-09 19:26:08,037 - INFO : Ball x=-108.70 y=-92.39 vx=-16.52 vy=-49.55
2026-10-09 19:26:08,070 - INFO : Ball x=-108.29 y=-93.56 vx=0.00 vy=-17.45
2026-10-09 19:26:08,104 - INFO : Ball x=-105.00 y=-92.86 vx=65.40 vy=16.35
2026-10-09 19:26:08,137 - INFO : Ball x=-101.64 y=-93.49 vx=50.34 vy=-16.78
2026-10-09 19:26:08,170 - INFO : Ball x=-98.00 y=-95.00 vx=66.63 vy=-33.32
2026-10-09 19:26:08,204 - INFO : Ball x=-94.50 y=-96.00 vx=48.32 vy=-16.11
2026-10-09 19:26:08,238 - INFO : Ball x=-91.00 y=-99.50 vx=61.98 vy=-46.49
2026-10-09 19:26:08,270 - INFO : Ball x=-88.50 y=-101.00 vx=31.76 vy=-31.76
2026-10-09 19:26:08,303 - INFO : Ball x=-85.00 y=-103.00 vx=59.56 vy=-29.78
2026-10-09 19:26:08,336 - INFO : Ball x=-80.70 y=-104.75 vx=62.64 vy=-15.66
2026-10-09 19:26:08,369 - INFO : Ball x=-75.86 y=-106.92 vx=77.47 vy=-30.99
2026-10-09 19:26:08,403 - INFO : Ball x=-72.32 y=-108.65 vx=45.98 vy=-30.65
2026-10-09 19:26:08,437 - INFO : Ball x=-67.00 y=-109.50 vx=95.87 vy=-15.98
2026-10-09 19:26:08,469 - INFO : Ball x=-64.00 y=-111.50 vx=49.70 vy=-33.14
2026-10-09 19:26:08,503 - INFO : Ball x=-60.50 y=-112.50 vx=48.04 vy=-16.01
2026-10-09 19:26:08,537 - INFO : Ball x=-56.00 y=-115.50 vx=82.32 vy=-49.39
2026-10-09 19:26:08,570 - INFO : Ball x=-53.00 y=-117.50 vx=50.67 vy=-33.78
2026-10-09 19:26:08,603 - INFO : Ball x=-49.50 y=-117.00 vx=52.98 vy=0.00
2026-10-09 19:26:08,636 - INFO : Ball x=-46.50 y=-117.00 vx=55.06 vy=0.00
2026-10-09 19:26:08,669 - INFO : Ball x=-44.00 y=-117.50 vx=54.49 vy=0.00
2026-10-09 19:26:08,702 - INFO : Ball x=-43.00 y=-117.50 vx=17.80 vy=0.00
2026-10-09 19:26:08,736 - INFO : Ball x=-43.50 y=-117.50 vx=-16.96 vy=0.00
2026-10-09 19:26:08,769 - INFO : Ball x=-42.50 y=-116.50 vx=16.85 vy=16.85
2026-10-09 19:26:08,802 - INFO : Ball x=-43.00 y=-112.00 vx=0.00 vy=58.75
2026-10-09 19:26:08,836 - INFO : Ball x=-42.00 y=-109.50 vx=13.29 vy=39.86
2026-10-09 19:26:08,869 - INFO : Ball x=-39.00 y=-105.00 vx=39.37 vy=52.50
2026-10-09 19:26:08,902 - INFO : Ball x=-38.48 y=-100.69 vx=0.00 vy=60.93
2026-10-09 19:26:08,936 - INFO : Ball x=-28.31 y=-94.89 vx=142.91 vy=85.75
2026-10-09 19:26:08,969 - INFO : Ball x=-30.00 y=-90.50 vx=-13.13 vy=52.53
2026-10-09 19:26:09,002 - INFO : Ball x=-18.15 y=-87.38 vx=163.72 vy=44.65
2026-10-09 19:26:09,036 - INFO : Ball x=-14.69 y=-84.39 vx=60.38 vy=45.28
2026-10-09 19:26:09,070 - INFO : Ball x=-11.88 y=-80.91 vx=44.43 vy=59.23
2026-10-09 19:26:09,102 - INFO : Ball x=-9.59 y=-79.04 vx=31.12 vy=15.56
2026-10-09 19:26:09,135 - INFO : Ball x=-11.50 y=-76.00 vx=-30.14 vy=45.21
2026-10-09 19:26:09,169 - INFO : Ball x=-9.70 y=-73.78 vx=30.25 vy=45.37
2026-10-09 19:26:09,202 - INFO : Ball x=-4.00 y=-75.31 vx=91.95 vy=-30.65
2026-10-09 19:26:09,235 - INFO : Ball x=-6.59 y=-73.08 vx=-46.05 vy=30.70
2026-10-09 19:26:09,269 - INFO : Ball x=-6.05 y=-72.32 vx=0.00 vy=15.39
2026-10-09 19:26:09,302 - INFO : Ball x=-5.75 y=-72.96 vx=15.43 vy=0.00
2026-10-09 19:26:09,336 - INFO : Ball x=-4.65 y=-73.82 vx=15.03 vy=-15.03
2026-10-09 19:26:09,369 - INFO : Ball x=-4.45 y=-75.94 vx=0.00 vy=-30.23
2026-10-09 19:26:09,402 - INFO : Ball x=-2.88 y=-77.88 vx=31.24 vy=-31.24
2026-10-09 19:26:09,435 - INFO : Ball x=-4.55 y=-80.23 vx=-30.15 vy=-45.22
2026-10-09 19:26:09,468 - INFO : Ball x=-9.97 y=-84.51 vx=-69.12 vy=-55.30
2026-10-09 19:26:09,501 - INFO : Ball x=-4.50 y=-85.91 vx=74.76 vy=-14.95
2026-10-09 19:26:09,535 - INFO : Ball x=-7.65 y=-88.69 vx=-43.47 vy=-43.47
2026-10-09 19:26:09,568 - INFO : Ball x=-16.10 y=-91.81 vx=-113.14 vy=-37.71
2026-10-09 19:26:09,602 - INFO : Ball x=-8.19 y=-95.06 vx=119.90 vy=-59.95
2026-10-09 19:26:09,635 - INFO : Ball x=-10.32 y=-98.82 vx=-28.74 vy=-43.10
2026-10-09 19:26:09,668 - INFO : Ball x=-11.16 y=-101.41 vx=-15.29 vy=-45.87
2026-10-09 19:26:09,701 - INFO : Ball x=-12.50 y=-106.96 vx=-15.38 vy=-76.91
2026-10-09 19:26:09,736 - INFO : Ball x=-14.00 y=-109.09 vx=-14.89 vy=-44.66
2026-10-09 19:26:09,769 - INFO : Ball x=-15.50 y=-112.30 vx=-31.93 vy=-47.89
2026-10-09 19:26:09,802 - INFO : Ball x=-17.00 y=-115.50 vx=-16.63 vy=-49.90
2026-10-09 19:26:09,836 - INFO : Ball x=-24.50 y=-111.50 vx=-121.05 vy=60.53
2026-10-09 19:26:09,869 - INFO : Ball x=-34.57 y=-112.11 vx=-154.66 vy=-15.47
2026-10-09 19:26:09,902 - INFO : Ball x=-45.20 y=-107.81 vx=-164.64 vy=74.84
2026-10-09 19:26:09,936 - INFO : Ball x=-54.00 y=-98.31 vx=-116.65 vy=131.24
2026-10-09 19:26:09,968 - INFO : Ball x=-55.00 y=-96.00 vx=-15.34 vy=30.68
2026-10-09 19:26:10,001 - INFO : Ball x=-55.66 y=-94.76 vx=-15.01 vy=30.01
2026-10-09 19:26:10,035 - INFO : Ball x=-55.00 y=-89.34 vx=14.65 vy=73.23
2026-10-09 19:26:10,069 - INFO : Ball x=-52.50 y=-83.00 vx=27.83 vy=83.50
2026-10-09 19:26:10,101 - INFO : Ball x=-48.78 y=-78.17 vx=58.70 vy=73.38
2026-10-09 19:26:10,135 - INFO : Ball x=-46.49 y=-67.49 vx=28.30 vy=155.65
2026-10-09 19:26:10,168 - INFO : Ball x=-41.78 y=-60.57 vx=73.45 vy=102.83
2026-10-09 19:26:10,201 - INFO : Ball x=-38.70 y=-55.79 vx=43.87 vy=73.11
2026-10-09 19:26:10,235 - INFO : Ball x=-38.42 y=-52.25 vx=0.00 vy=44.24
2026-10-09 19:26:10,268 - INFO : Ball x=-36.39 y=-48.89 vx=29.25 vy=58.50
2026-10-09 19:26:10,301 - INFO : Ball x=-32.45 y=-47.67 vx=61.53 vy=15.38
2026-10-09 19:26:10,335 - INFO : Ball x=-31.33 y=-45.12 vx=14.98 vy=29.96
2026-10-09 19:26:10,368 - INFO : Ball x=-28.50 y=-46.00 vx=46.37 vy=-15.46
2026-10-09 19:26:10,401 - INFO : Ball x=-27.92 y=-43.06 vx=15.82 vy=47.46
2026-10-09 19:26:10,435 - INFO : Ball x=-27.18 y=-41.68 vx=0.00 vy=31.27
2026-10-09 19:26:10,468 - INFO : Ball x=-26.21 y=-41.56 vx=16.01 vy=0.00
2026-10-09 19:26:10,501 - INFO : Ball x=-25.00 y=-40.50 vx=31.39 vy=15.69
2026-10-09 19:26:10,535 - INFO : Ball x=-25.16 y=-40.07 vx=-16.10 vy=0.00
2026-10-09 19:26:10,568 - INFO : Ball x=-24.43 y=-40.40 vx=15.91 vy=0.00
2026-10-09 19:26:10,601 - INFO : Ball x=-25.20 y=-40.57 vx=-15.85 vy=0.00
2026-10-09 19:26:10,634 - INFO : Ball x=-25.00 y=-41.50 vx=15.84 vy=-15.84
2026-10-09 19:26:10,668 - INFO : Ball x=-26.04 y=-42.09 vx=-31.66 vy=-15.83
2026-10-09 19:26:10,701 - INFO : Ball x=-26.74 y=-43.38 vx=0.00 vy=-15.84
2026-10-09 19:26:10,735 - INFO : Ball x=-28.24 y=-44.66 vx=-31.18 vy=-15.59
2026-10-09 19:26:10,767 - INFO : Ball x=-29.98 y=-46.35 vx=-15.99 vy=-31.97
2026-10-09 19:26:10,801 - INFO : Ball x=-31.80 y=-48.15 vx=-31.64 vy=-31.64
2026-10-09 19:26:10,834 - INFO : Ball x=-32.90 y=-50.86 vx=-15.59 vy=-31.17
2026-10-09 19:26:10,868 - INFO : Ball x=-35.00 y=-53.00 vx=-31.54 vy=-47.32
2026-10-09 19:26:10,901 - INFO : Ball x=-38.76 y=-54.90 vx=-62.54 vy=-15.64
2026-10-09 19:26:10,934 - INFO : Ball x=-40.50 y=-58.50 vx=-30.76 vy=-61.53
2026-10-09 19:26:10,967 - INFO : Ball x=-43.60 y=-61.65 vx=-46.64 vy=-46.64
2026-10-09 19:26:11,000 - INFO : Ball x=-47.46 y=-64.46 vx=-60.69 vy=-45.52
2026-10-09 19:26:11,034 - INFO : Ball x=-50.04 y=-68.75 vx=-44.78 vy=-59.70
2026-10-09 19:26:11,067 - INFO : Ball x=-53.32 y=-72.73 vx=-45.96 vy=-61.28
2026-10-09 19:26:11,100 - INFO : Ball x=-57.33 y=-76.33 vx=-59.97 vy=-59.97
2026-10-09 19:26:11,134 - INFO : Ball x=-61.50 y=-81.00 vx=-57.81 vy=-72.26
2026-10-09 19:26:11,167 - INFO : Ball x=-66.73 y=-84.84 vx=-73.30 vy=-43.98
2026-10-09 19:26:11,201 - INFO : Ball x=-72.00 y=-88.00 vx=-73.05 vy=-58.44
2026-10-09 19:26:11,234 - INFO : Ball x=-77.50 y=-91.50 vx=-87.88 vy=-43.94
2026-10-09 19:26:11,268 - INFO : Ball x=-82.33 y=-94.89 vx=-73.24 vy=-43.94
2026-10-09 19:26:11,301 - INFO : Ball x=-87.00 y=-99.00 vx=-58.65 vy=-73.31
2026-10-09 19:26:11,333 - INFO : Ball x=-90.21 y=-101.03 vx=-63.88 vy=-31.94
2026-10-09 19:26:11,367 - INFO : Ball x=-93.50 y=-102.00 vx=-50.05 vy=-16.68
2026-10-09 19:26:11,400 - INFO : Ball x=-97.47 y=-105.94 vx=-68.52 vy=-51.39
2026-10-09 19:26:11,433 - INFO : Ball x=-99.50 y=-106.50 vx=-37.52 vy=-18.76
2026-10-09 19:26:11,467 - INFO : Ball x=-100.50 y=-108.50 vx=-21.19 vy=-42.37
2026-10-09 19:26:11,501 - INFO : Ball x=-103.50 y=-115.50 vx=-89.30 vy=-208.38
2026-10-09 19:26:26,820 - INFO : Ball x=-97.00 y=-113.89 vx=199.83 vy=111.02
2026-10-09 19:26:26,854 - INFO : Ball x=-89.51 y=-108.06 vx=116.66 vy=83.33
2026-10-09 19:26:26,887 - INFO : Ball x=-83.50 y=-109.50 vx=92.14 vy=-15.36
2026-10-09 19:26:26,920 - INFO : Ball x=-76.00 y=-104.50 vx=118.44 vy=74.03
2026-10-09 19:26:26,953 - INFO : Ball x=-67.48 y=-101.41 vx=106.57 vy=39.96
2026-10-09 19:26:26,986 - INFO : Ball x=-55.91 y=-94.91 vx=175.97 vy=102.65
2026-10-09 19:26:27,025 - INFO : Ball x=-46.91 y=-86.16 vx=114.02 vy=101.35
2026-10-09 19:26:27,054 - INFO : Ball x=-35.38 y=-82.31 vx=189.98 vy=69.08
2026-10-09 19:26:27,087 - INFO : Ball x=-24.70 y=-79.56 vx=168.33 vy=45.91
2026-10-09 19:26:27,119 - INFO : Ball x=-14.70 y=-75.17 vx=157.33 vy=62.93
2026-10-09 19:26:27,152 - INFO : Ball x=-6.65 y=-71.23 vx=123.72 vy=61.86
2026-10-09 19:26:27,185 - INFO : Ball x=2.14 y=-67.58 vx=138.32 vy=61.48
2026-10-09 19:26:27,220 - INFO : Ball x=11.73 y=-65.29 vx=135.25 vy=30.05
2026-10-09 19:26:27,256 - INFO : Ball x=20.05 y=-63.20 vx=131.94 vy=29.32
2026-10-09 19:26:27,288 - INFO : Ball x=28.58 y=-61.76 vx=133.91 vy=33.48
2026-10-09 19:26:27,319 - INFO : Ball x=36.20 y=-60.22 vx=127.27 vy=15.91
2026-10-09 19:26:27,353 - INFO : Ball x=43.43 y=-59.53 vx=107.19 vy=15.31
2026-10-09 19:26:27,385 - INFO : Ball x=50.85 y=-59.32 vx=109.50 vy=0.00
2026-10-09 19:26:27,419 - INFO : Ball x=58.00 y=-59.17 vx=106.22 vy=0.00
2026-10-09 19:26:27,454 - INFO : Ball x=65.45 y=-59.83 vx=118.60 vy=0.00
2026-10-09 19:26:27,486 - INFO : Ball x=72.00 y=-60.80 vx=109.32 vy=-15.62
2026-10-09 19:26:27,519 - INFO : Ball x=78.94 y=-62.25 vx=90.21 vy=-30.07
2026-10-09 19:26:27,553 - INFO : Ball x=84.94 y=-63.92 vx=89.46 vy=-14.91
2026-10-09 19:26:27,586 - INFO : Ball x=90.84 y=-65.67 vx=90.96 vy=-30.32
2026-10-09 19:26:27,619 - INFO : Ball x=96.00 y=-68.00 vx=90.20 vy=-45.10
2026-10-09 19:26:27,654 - INFO : Ball x=101.19 y=-69.70 vx=73.25 vy=-14.65
2026-10-09 19:26:27,686 - INFO : Ball x=105.82 y=-71.16 vx=61.45 vy=-30.72
2026-10-09 19:26:27,720 - INFO : Ball x=110.55 y=-74.80 vx=73.36 vy=-44.02
2026-10-09 19:26:27,753 - INFO : Ball x=114.33 y=-78.95 vx=60.53 vy=-60.53
2026-10-09 19:26:27,787 - INFO : Ball x=118.95 y=-77.94 vx=58.23 vy=14.56
2026-10-09 19:26:27,821 - INFO : Ball x=118.00 y=-75.50 vx=0.00 vy=28.58
2026-10-09 19:26:27,852 - INFO : Ball x=114.77 y=-73.15 vx=-64.22 vy=32.11
2026-10-09 19:26:27,886 - INFO : Ball x=113.74 y=-70.18 vx=-15.00 vy=45.00
2026-10-09 19:26:27,919 - INFO : Ball x=111.92 y=-68.46 vx=-29.72 vy=29.72
2026-10-09 19:26:27,952 - INFO : Ball x=109.48 y=-65.75 vx=-30.52 vy=45.78
2026-10-09 19:26:27,986 - INFO : Ball x=107.00 y=-63.50 vx=-29.99 vy=29.99
2026-10-09 19:26:28,019 - INFO : Ball x=104.73 y=-62.52 vx=-45.07 vy=15.02
2026-10-09 19:26:28,052 - INFO : Ball x=102.10 y=-59.38 vx=-29.79 vy=44.69
2026-10-09 19:26:28,085 - INFO : Ball x=99.41 y=-60.00 vx=-45.48 vy=-15.16
2026-10-09 19:26:28,119 - INFO : Ball x=96.59 y=-59.54 vx=-44.81 vy=14.94
2026-10-09 19:26:28,152 - INFO : Ball x=93.50 y=-59.58 vx=-46.41 vy=0.00
2026-10-09 19:26:28,185 - INFO : Ball x=90.46 y=-59.73 vx=-46.19 vy=0.00
2026-10-09 19:26:28,219 - INFO : Ball x=87.38 y=-60.02 vx=-45.78 vy=-15.26
2026-10-09 19:26:28,252 - INFO : Ball x=84.10 y=-60.86 vx=-46.71 vy=0.00
2026-10-09 19:26:28,285 - INFO : Ball x=80.99 y=-61.80 vx=-61.09 vy=-15.27
2026-10-09 19:26:28,318 - INFO : Ball x=77.61 y=-63.69 vx=-46.68 vy=-31.12
2026-10-09 19:26:28,352 - INFO : Ball x=74.15 y=-65.54 vx=-45.99 vy=-30.66
2026-10-09 19:26:28,386 - INFO : Ball x=70.46 y=-67.83 vx=-60.76 vy=-30.38
2026-10-09 19:26:28,418 - INFO : Ball x=66.75 y=-70.07 vx=-62.52 vy=-46.89
2026-10-09 19:26:28,452 - INFO : Ball x=63.16 y=-72.65 vx=-45.94 vy=-30.63
2026-10-09 19:26:28,485 - INFO : Ball x=59.50 y=-75.40 vx=-61.60 vy=-46.20
2026-10-09 19:26:28,518 - INFO : Ball x=55.79 y=-78.66 vx=-61.69 vy=-46.27
2026-10-09 19:26:28,552 - INFO : Ball x=52.13 y=-82.29 vx=-46.41 vy=-61.87
2026-10-09 19:26:28,585 - INFO : Ball x=46.85 y=-86.14 vx=-89.75 vy=-59.83
2026-10-09 19:26:28,618 - INFO : Ball x=43.10 y=-89.82 vx=-46.49 vy=-46.49
2026-10-09 19:26:28,652 - INFO : Ball x=39.07 y=-94.06 vx=-61.21 vy=-76.51
2026-10-09 19:26:28,686 - INFO : Ball x=35.50 y=-98.10 vx=-60.04 vy=-60.04
2026-10-09 19:26:28,718 - INFO : Ball x=32.00 y=-102.88 vx=-47.35 vy=-63.14
2026-10-09 19:26:28,752 - INFO : Ball x=28.57 y=-106.94 vx=-63.02 vy=-63.02
2026-10-09 19:26:28,785 - INFO : Ball x=24.50 y=-111.50 vx=-62.90 vy=-78.62
2026-10-09 19:26:28,818 - INFO : Ball x=21.00 y=-115.29 vx=-49.89 vy=-66.52
2026-10-09 19:26:28,851 - INFO : Ball x=17.00 y=-116.50 vx=-69.58 vy=-17.39
2026-10-09 19:26:28,885 - INFO : Ball x=13.00 y=-117.00 vx=-71.51 vy=-17.88
2026-10-09 19:26:28,918 - INFO : Ball x=8.50 y=-117.50 vx=-105.96 vy=0.00
2026-10-09 19:26:28,951 - INFO : Ball x=4.00 y=-118.00 vx=-99.34 vy=-24.84
2026-10-09 19:26:28,985 - INFO : Ball x=2.00 y=-118.00 vx=-92.23 vy=0.00
2026-10-09 19:26:33,731 - INFO : Camera stopped
2026-10-09 19:26:34,138 - INFO : Camera closed successfully.
2026-10-09 19:28:07,925 - INFO : Initialization successful.
2026-10-09 19:28:07,926 - INFO : Camera now open.
2026-10-09 19:28:07,935 - INFO : Camera configuration has been adjusted!
2026-10-09 19:28:07,940 - INFO : Configuration successful!
2026-10-09 19:28:07,967 - INFO : Camera started
2026-10-09 19:28:08,006 - INFO : [31m[1mWARNING: This is a development server. Do not use it in a production deployment. Use a production WSGI server instead.[0m
 * Running on all addresses (0.0.0.0)
 * Running on http://127.0.0.1:5000
 * Running on http://192.168.50.65:5000
2026-10-09 19:28:08,006 - INFO : [33mPress CTRL+C to quit[0m
2026-10-09 19:28:19,579 - INFO : 192.168.50.167 - - [09/Oct/2026 19:28:19] "GET / HTTP/1.1" 200 -
2026-10-09 19:28:19,625 - INFO : 192.168.50.167 - - [09/Oct/2026 19:28:19] "GET /video_feed HTTP/1.1" 200 -
2026-10-09 19:28:28,233 - INFO : Ball x=-154.42 y=-64.00 vx=85.89 vy=-128.84
2026-10-09 19:28:28,267 - INFO : Ball x=-135.72 y=-61.00 vx=335.67 vy=53.00
2026-10-09 19:28:28,300 - INFO : Ball x=-118.50 y=-64.00 vx=275.60 vy=-48.64
2026-10-09 19:28:28,334 - INFO : Ball x=-101.00 y=-63.50 vx=285.52 vy=15.86
2026-10-09 19:28:28,366 - INFO : Ball x=-88.51 y=-57.00 vx=212.14 vy=106.07
2026-10-09 19:28:28,399 - INFO : Ball x=-75.50 y=-55.70 vx=216.49 vy=33.31
2026-10-09 19:28:28,433 - INFO : Ball x=-63.63 y=-53.25 vx=192.16 vy=32.03
2026-10-09 19:28:28,466 - INFO : Ball x=-53.33 y=-61.47 vx=144.91 vy=-115.93
2026-10-09 19:28:28,499 - INFO : Ball x=-41.08 y=-55.34 vx=185.12 vy=92.56
2026-10-09 19:28:28,533 - INFO : Ball x=-28.17 y=-50.86 vx=204.61 vy=78.70
2026-10-09 19:28:28,566 - INFO : Ball x=-17.78 y=-49.05 vx=178.76 vy=16.25
2026-10-09 19:28:28,599 - INFO : Ball x=-5.89 y=-50.06 vx=194.67 vy=-16.22
2026-10-09 19:28:28,633 - INFO : Ball x=4.85 y=-51.15 vx=166.21 vy=-16.62
2026-10-09 19:28:28,665 - INFO : Ball x=17.31 y=-51.34 vx=225.41 vy=0.00
2026-10-09 19:28:28,699 - INFO : Ball x=26.94 y=-53.39 vx=153.34 vy=-34.07
2026-10-09 19:28:28,733 - INFO : Ball x=35.33 y=-53.53 vx=161.99 vy=0.00
2026-10-09 19:28:28,767 - INFO : Ball x=41.00 y=-58.00 vx=107.52 vy=-89.60
2026-10-09 19:28:28,800 - INFO : Ball x=48.97 y=-58.69 vx=132.55 vy=0.00
2026-10-09 19:28:28,833 - INFO : Ball x=54.18 y=-61.62 vx=112.87 vy=-56.44
2026-10-09 19:28:28,866 - INFO : Ball x=59.00 y=-65.50 vx=93.51 vy=-74.81
2026-10-09 19:28:28,899 - INFO : Ball x=62.13 y=-67.04 vx=60.72 vy=-40.48
2026-10-09 19:28:28,932 - INFO : Ball x=62.76 y=-68.09 vx=0.00 vy=-20.10
2026-10-09 19:28:28,965 - INFO : Ball x=61.18 y=-68.31 vx=-20.78 vy=0.00
2026-10-09 19:28:28,999 - INFO : Ball x=59.20 y=-67.21 vx=-41.45 vy=20.73
2026-10-09 19:28:29,032 - INFO : Ball x=56.57 y=-65.59 vx=-62.29 vy=41.53
2026-10-09 19:28:29,065 - INFO : Ball x=52.28 y=-63.98 vx=-85.69 vy=42.85
2026-10-09 19:28:29,099 - INFO : Ball x=49.37 y=-61.17 vx=-66.63 vy=44.42
2026-10-09 19:28:29,132 - INFO : Ball x=46.38 y=-59.04 vx=-66.48 vy=44.32
2026-10-09 19:28:29,165 - INFO : Ball x=43.15 y=-56.78 vx=-66.92 vy=66.92
2026-10-09 19:28:29,199 - INFO : Ball x=39.14 y=-56.18 vx=-91.92 vy=0.00
2026-10-09 19:28:29,232 - INFO : Ball x=35.87 y=-55.43 vx=-92.81 vy=23.20
2026-10-09 19:28:29,265 - INFO : Ball x=32.35 y=-55.95 vx=-69.72 vy=0.00
2026-10-09 19:28:29,298 - INFO : Ball x=28.17 y=-56.97 vx=-92.06 vy=-23.01
2026-10-09 19:28:29,332 - INFO : Ball x=23.59 y=-58.49 vx=-114.72 vy=-45.89
2026-10-09 19:28:29,365 - INFO : Ball x=16.34 y=-58.85 vx=-163.17 vy=0.00
2026-10-09 19:28:29,398 - INFO : Ball x=4.05 y=-59.45 vx=-257.35 vy=-21.45
2026-10-09 19:28:29,433 - INFO : Ball x=-13.20 y=-62.99 vx=-337.23 vy=-56.21
2026-10-09 19:28:29,466 - INFO : Ball x=-39.00 y=-67.50 vx=-465.77 vy=-93.15
2026-10-09 19:28:29,499 - INFO : Ball x=-72.47 y=-70.13 vx=-578.26 vy=-51.02
2026-10-09 19:28:29,533 - INFO : Ball x=-104.02 y=-78.54 vx=-611.36 vy=-152.84
2026-10-09 19:28:29,565 - INFO : Ball x=-152.00 y=-82.50 vx=-1323.87 vy=-112.67
2026-10-09 19:28:36,074 - INFO : Camera stopped
2026-10-09 19:28:36,482 - INFO : Camera closed successfully.
